---
source: aya-parser/src/parser/instructions/mul.rs
expression: result
---
Instruction(
    MulLitReg(
        Register(
            ByteOffset {
                start: 4,
                end: 6,
            },
        ),
        HexLiteral(
            ByteOffset {
                start: 9,
                end: 13,
            },
        ),
    ),
)
