---
source: aya-assembly/src/parser/instructions/mov8.rs
expression: result
---
Instruction(
    Mov8RegMem(
        Address(
            BinaryOp {
                lhs: HexLiteral(
                    ByteOffset {
                        start: 8,
                        end: 12,
                    },
                ),
                operator: Add,
                rhs: Register(
                    ByteOffset {
                        start: 15,
                        end: 17,
                    },
                ),
            },
        ),
        Register(
            ByteOffset {
                start: 20,
                end: 22,
            },
        ),
    ),
)
