---
source: aya-parser/src/parser/instructions/psh.rs
expression: result
---
Instruction(
    PshReg(
        Register(
            ByteOffset {
                start: 4,
                end: 6,
            },
        ),
    ),
)
