---
source: aya-assembly/src/parser/instructions/jne.rs
expression: result
---
Instruction(
    JneReg(
        Address(
            BinaryOp {
                lhs: HexLiteral(
                    ByteOffset {
                        start: 7,
                        end: 11,
                    },
                ),
                operator: Add,
                rhs: Register(
                    ByteOffset {
                        start: 14,
                        end: 16,
                    },
                ),
            },
        ),
        Register(
            ByteOffset {
                start: 19,
                end: 21,
            },
        ),
    ),
)
