---
source: aya-assembly/src/parser/instructions/jge.rs
expression: result
---
Instruction(
    JgeLit(
        Address(
            BinaryOp {
                lhs: HexLiteral(
                    ByteOffset {
                        start: 7,
                        end: 11,
                    },
                ),
                operator: Add,
                rhs: Register(
                    ByteOffset {
                        start: 14,
                        end: 16,
                    },
                ),
            },
        ),
        BinaryOp {
            lhs: HexLiteral(
                ByteOffset {
                    start: 21,
                    end: 25,
                },
            ),
            operator: Add,
            rhs: Register(
                ByteOffset {
                    start: 28,
                    end: 30,
                },
            ),
        },
    ),
)
