---
source: aya-assembly/src/parser/instructions/call.rs
expression: result
---
Instruction(
    CallLit(
        Address(
            HexLiteral(
                ByteOffset {
                    start: 6,
                    end: 10,
                },
            ),
        ),
    ),
)
