---
source: aya-assembly/src/parser/instructions/pop.rs
expression: result
---
Instruction(
    Pop(
        Register(
            ByteOffset {
                start: 4,
                end: 6,
            },
        ),
    ),
)
