---
source: aya-parser/src/instructions/lsh.rs
expression: instruction
---
LshRegReg(
    Register(
        "r1",
    ),
    Register(
        "r2",
    ),
)
