---
source: aya-parser/src/instructions/rsh.rs
expression: instruction
---
RshRegReg(
    Register(
        "r1",
    ),
    Register(
        "r2",
    ),
)
