---
source: aya-parser/src/instructions/mov.rs
expression: instruction
---
MovRegReg(
    Register(
        "r1",
    ),
    Register(
        "r2",
    ),
)
