---
source: aya-parser/src/instructions/jeq.rs
expression: instruction
---
JeqLit(
    Address(
        "c0d3",
    ),
    HexLiteral(
        "0303",
    ),
)
