---
source: aya-parser/src/instructions/jge.rs
expression: instruction
---
JgeLit(
    Address(
        "c0d3",
    ),
    HexLiteral(
        "0303",
    ),
)
