---
source: aya-parser/src/instructions/jgt.rs
expression: instruction
---
JgtLit(
    Address(
        "c0d3",
    ),
    HexLiteral(
        "0303",
    ),
)
