---
source: aya-parser/src/instructions/ret.rs
expression: instruction
---
Ret
