---
source: aya-parser/src/parser/instructions/hlt.rs
expression: result
---
Instruction(
    Hlt,
)
