---
source: aya-parser/src/parser/instructions/jge.rs
expression: result
---
Instruction(
    JgeReg(
        Address(
            ByteOffset {
                start: 7,
                end: 11,
            },
        ),
        Register(
            ByteOffset {
                start: 14,
                end: 16,
            },
        ),
    ),
)
