---
source: aya-parser/src/parser/instructions/and.rs
expression: result
---
Instruction(
    AndRegReg(
        Register(
            ByteOffset {
                start: 4,
                end: 6,
            },
        ),
        Register(
            ByteOffset {
                start: 8,
                end: 10,
            },
        ),
    ),
)
