---
source: aya-compiler/src/lib.rs
expression: result
---
[
    0x10,
    0x02,
    0x00,
    0x42,
    0x12,
    0x60,
    0x00,
    0x02,
    0x10,
    0x02,
    0x00,
    0x13,
    0x13,
    0x03,
    0x60,
    0x00,
    0x20,
    0x02,
    0x03,
]
