---
source: aya-parser/src/mov.rs
expression: instruction
---
MovRegPtrReg(
    Register(
        "r3",
    ),
    Register(
        "r4",
    ),
)
